// Jest Snapshot v1, https://goo.gl/fbAQLP

exports[`VError snapshot 1`] = `
<p
  class="text-red-700 font-bold"
>
  
</p>
`;
